Setting up FG 1.2 environment...
  FG 1.2 HTTP server started on port 58080

Building 76 projects with 4 workers...

[1/76] OK 1.11.2/forge (31.6s)
[2/76] OK 1.10/forge (31.7s)
[3/76] OK 1.11/forge (33.0s)
[4/76] OK 1.10.2/forge (33.5s)
[5/76] OK 1.12/forge (26.7s)
[6/76] OK 1.12.2/forge (30.4s)
[7/76] OK 1.13.2/forge (31.4s)
[8/76] OK 1.14.4/forge (33.0s)
[9/76] OK 1.14.4/fabric (15.9s)
[10/76] FAIL 1.15/forge (20.8s)
[11/76] OK 1.15/fabric (21.9s)
[12/76] OK 1.15.2/fabric (19.7s)
[13/76] FAIL 1.15.2/forge (119.8s)
[14/76] FAIL 1.16.1/forge (122.5s)
[15/76] FAIL 1.16.3/forge (123.0s)
[16/76] OK 1.16.1/fabric (154.3s)
[17/76] FAIL 1.16.4/forge (121.2s)
[18/76] OK 1.16.3/fabric (148.1s)
[19/76] OK 1.16.4/fabric (130.9s)
[20/76] FAIL 1.16.5/forge (121.8s)
[21/76] OK 1.17.1/fabric (18.1s)
[22/76] OK 1.16.5/fabric (110.4s)
[23/76] OK 1.18/fabric (138.3s)
[24/76] OK 1.18.2/fabric (171.9s)
[25/76] FAIL 1.18/forge (434.7s)
[26/76] OK 1.17.1/forge (512.2s)
